// Jest Snapshot v1, https://goo.gl/fbAQLP

exports[`Renders original content 1`] = `
<div>
  <v
    buttonText="Cerrar sesiÃ³n"
    clientId="903919404222-hb622tgshpbbj1fudcp4hlgkuc9fh027.apps.googleusercontent.com"
    disabledStyle={
      Object {
        "opacity": 0.6,
      }
    }
    icon={true}
    jsSrc="https://apis.google.com/js/api.js"
    onLogoutSuccess={[Function]}
    tag="button"
    theme="light"
    type="button"
  />
</div>
`;
