// Jest Snapshot v1, https://goo.gl/fbAQLP

exports[`Renders original content 1`] = `
<WithStyles(ForwardRef(Container))>
  <TipoDeduciblesComponent />
  <FAQEnlacesComponent />
</WithStyles(ForwardRef(Container))>
`;
