// Jest Snapshot v1, https://goo.gl/fbAQLP

exports[`Renders original content 1`] = `
<div>
  PÃ¡gina de Facturas.
</div>
`;
