// Jest Snapshot v1, https://goo.gl/fbAQLP

exports[`Renders original content 1`] = `
<div
  className="App"
>
  <WithStyles(ForwardRef(CircularProgress))
    data-test-id="is_user_logged_loader"
    disableShrink={true}
    size={40}
    thickness={4}
    variant="indeterminate"
  />
</div>
`;
