// Jest Snapshot v1, https://goo.gl/fbAQLP

exports[`Renders original content 1`] = `
<div
  className="App"
>
  <ThemeProvider>
    <BrowserRouter>
      <Route
        path="/"
      >
        <Login />
      </Route>
    </BrowserRouter>
  </ThemeProvider>
</div>
`;
